// Jest Snapshot v1, https://goo.gl/fbAQLP

exports[`Home Component is being tested should match with snapshot of Home module 1`] = `
<div
  className="home-container"
>
  <p
    className="home-body"
  >
    ShopKart is the fastest growing e-commerce platform of US! Launched in 2019, it has delivered over 70 million products also during the Covid-19 Lockdown. You can shop anything you want, including daily groceries and medicines. In short, a one-stop shop for everything that you need and craved for!
  </p>
  <br />
  <h1
    className="catchy-tagline"
  >
    What are you waiting for?!
  </h1>
  <a
    href="/products"
    onClick={[Function]}
  >
    <button
      className="shopping-btn"
    >
      Let's go Shopping!
    </button>
  </a>
</div>
`;
